ply=0  move=d2d4  delay=0.2123  entropy=2.2700  top_p=0.1603  clock=180.0
ply=2  move=b1d2  delay=0.1200  entropy=2.2770  top_p=0.1481  clock=179.8
ply=4  move=d4c5  delay=0.2808  entropy=1.7197  top_p=0.2495  clock=179.7
ply=6  move=g1f3  delay=1.1503  entropy=2.1616  top_p=0.1887  clock=179.4
ply=8  move=d2c4  delay=0.7058  entropy=1.4663  top_p=0.5396  clock=178.2
ply=10  move=c4d6  delay=0.3990  entropy=0.4100  top_p=0.8910  clock=177.5
ply=12  move=d1d6  delay=0.3363  entropy=0.2710  top_p=0.9231  clock=177.1
ply=14  move=d6b8  delay=1.0147  entropy=1.7778  top_p=0.4860  clock=176.8
ply=16  move=e2e3  delay=0.4578  entropy=2.0387  top_p=0.2557  clock=175.8
ply=18  move=a1b1  delay=0.8215  entropy=1.9100  top_p=0.2855  clock=175.3
ply=20  move=h2h3  delay=1.7688  entropy=1.9843  top_p=0.3892  clock=174.5
ply=22  move=b2b4  delay=4.1203  entropy=2.1108  top_p=0.2996  clock=172.7
ply=24  move=f3d2  delay=1.4348  entropy=2.1238  top_p=0.1975  clock=168.6
ply=26  move=b1b2  delay=5.2967  entropy=0.7020  top_p=0.6152  clock=167.2
ply=28  move=d2b1  delay=7.4230  entropy=1.7675  top_p=0.3750  clock=161.9
ply=30  move=b4b5  delay=5.2585  entropy=2.1259  top_p=0.2709  clock=154.5
ply=32  move=c1d2  delay=2.3477  entropy=2.2602  top_p=0.1760  clock=149.2
ply=34  move=a2a4  delay=5.1889  entropy=2.1638  top_p=0.2020  clock=146.9
ply=36  move=c2c4  delay=2.8112  entropy=2.2717  top_p=0.1538  clock=141.7
ply=38  move=h3h4  delay=3.6207  entropy=2.2828  top_p=0.1343  clock=138.9
ply=40  move=d2b4  delay=2.3096  entropy=2.2675  top_p=0.1469  clock=135.2
ply=42  move=f1e2  delay=3.0469  entropy=2.2579  top_p=0.1365  clock=132.9
ply=44  move=g2g3  delay=3.4956  entropy=2.2814  top_p=0.1271  clock=129.9
ply=46  move=b1c3  delay=1.8690  entropy=2.2850  top_p=0.1461  clock=126.4
ply=48  move=f2f4  delay=5.4906  entropy=2.2943  top_p=0.1252  clock=124.5
ply=50  move=b4a5  delay=7.1100  entropy=2.0151  top_p=0.2693  clock=119.0
ply=52  move=a5b4  delay=8.2804  entropy=1.9809  top_p=0.2255  clock=111.9
ply=54  move=c3e4  delay=1.4264  entropy=1.7027  top_p=0.3390  clock=103.6
ply=56  move=e2d3  delay=1.3547  entropy=1.9649  top_p=0.2508  clock=102.2
ply=58  move=h1g1  delay=2.1815  entropy=0.6806  top_p=0.6811  clock=100.8
ply=60  move=b2g2  delay=0.6670  entropy=1.1338  top_p=0.4596  clock=98.7
ply=62  move=d3e2  delay=1.6630  entropy=0.2932  top_p=0.9331  clock=98.0
ply=64  move=g2g6  delay=1.1642  entropy=0.4796  top_p=0.8899  clock=96.3
ply=66  move=g6g8  delay=0.7539  entropy=0.1259  top_p=0.9726  clock=95.2
ply=68  move=g1g8  delay=0.1200  entropy=0.0003  top_p=1.0000  clock=94.4
ply=1  move=c7c6  delay=0.3923  entropy=2.2136  top_p=0.1904  clock=180.0
ply=3  move=g7g6  delay=4.4874  entropy=2.0768  top_p=0.2525  clock=179.6
ply=5  move=b8a6  delay=0.1200  entropy=2.1269  top_p=0.1748  clock=175.1
ply=7  move=a6b8  delay=3.3210  entropy=2.1692  top_p=0.1563  clock=175.0
ply=9  move=a7a6  delay=2.2032  entropy=2.1917  top_p=0.2045  clock=171.7
ply=11  move=h7h5  delay=1.9735  entropy=1.7485  top_p=0.4175  clock=169.5
ply=13  move=e7e6  delay=2.9769  entropy=1.6776  top_p=0.4259  clock=167.5
ply=15  move=f8b4  delay=6.5126  entropy=1.8955  top_p=0.2541  clock=164.5
ply=17  move=g8e7  delay=13.7867  entropy=2.0431  top_p=0.2204  clock=158.0
ply=19  move=b4c3  delay=3.0541  entropy=1.6994  top_p=0.2676  clock=144.2
ply=21  move=e6e5  delay=0.9547  entropy=1.6004  top_p=0.4605  clock=141.2
ply=23  move=c3d4  delay=3.2476  entropy=1.3744  top_p=0.6274  clock=140.2
ply=25  move=f7f6  delay=3.7665  entropy=1.8151  top_p=0.3926  clock=137.0
ply=27  move=d4c5  delay=1.4000  entropy=1.8794  top_p=0.2257  clock=133.2
ply=29  move=d8b6  delay=0.9584  entropy=1.9642  top_p=0.2548  clock=131.8
ply=31  move=b6d8  delay=12.1560  entropy=1.8771  top_p=0.3153  clock=130.8
ply=33  move=e7d5  delay=3.3605  entropy=1.5693  top_p=0.4458  clock=118.7
ply=35  move=c6d5  delay=0.1623  entropy=1.9104  top_p=0.3011  clock=115.3
ply=37  move=a6a5  delay=0.1200  entropy=1.2215  top_p=0.6248  clock=115.2
ply=39  move=d8b6  delay=2.9228  entropy=1.4113  top_p=0.5577  clock=115.0
ply=41  move=a8a7  delay=1.6997  entropy=1.7382  top_p=0.3096  clock=112.1
ply=43  move=c5e3  delay=0.1553  entropy=0.0129  top_p=0.9985  clock=110.4
ply=45  move=d7d6  delay=1.1185  entropy=1.6093  top_p=0.2034  clock=110.3
ply=47  move=e8f7  delay=1.2251  entropy=2.1972  top_p=0.1111  clock=109.2
ply=49  move=f7g8  delay=2.5925  entropy=1.3862  top_p=0.2518  clock=107.9
ply=51  move=g8g7  delay=0.6901  entropy=-0.0000  top_p=1.0000  clock=105.3
ply=53  move=c8g4  delay=8.2622  entropy=2.3029  top_p=0.1008  clock=104.6
