ply=0  move=g2g3  delay=0.2128  entropy=2.2848  top_p=0.1350  clock=180.0
ply=2  move=c2c3  delay=0.1200  entropy=2.1315  top_p=0.2741  clock=179.8
ply=4  move=d2d4  delay=0.2809  entropy=2.0800  top_p=0.3204  clock=179.7
ply=6  move=f2f3  delay=1.1810  entropy=2.2153  top_p=0.1778  clock=179.4
ply=8  move=g1f3  delay=0.5953  entropy=1.1376  top_p=0.5129  clock=178.2
ply=10  move=f3e5  delay=1.0308  entropy=2.2472  top_p=0.1735  clock=177.6
ply=12  move=b1d2  delay=2.3954  entropy=2.1717  top_p=0.1716  clock=176.6
ply=14  move=d4e5  delay=1.1009  entropy=0.0001  top_p=1.0000  clock=174.2
ply=16  move=f1g2  delay=0.4513  entropy=1.5948  top_p=0.3698  clock=173.1
ply=18  move=g2f3  delay=3.0106  entropy=1.3012  top_p=0.5659  clock=172.6
ply=20  move=f3h5  delay=0.1200  entropy=0.2626  top_p=0.9530  clock=169.6
ply=22  move=e5d6  delay=3.8261  entropy=1.8762  top_p=0.3008  clock=169.5
ply=24  move=h5f3  delay=1.2717  entropy=1.8669  top_p=0.2859  clock=165.7
ply=26  move=d1a4  delay=7.7870  entropy=1.5824  top_p=0.4592  clock=164.4
ply=28  move=d2b3  delay=8.5751  entropy=2.1690  top_p=0.2176  clock=156.6
ply=30  move=b3a5  delay=4.2028  entropy=1.7279  top_p=0.5169  clock=148.0
ply=32  move=a4a5  delay=0.7922  entropy=0.1007  top_p=0.9793  clock=143.8
ply=34  move=f3c6  delay=0.1864  entropy=1.8378  top_p=0.2588  clock=143.0
ply=36  move=c1g5  delay=5.6542  entropy=1.9022  top_p=0.3505  clock=142.9
ply=38  move=g5f4  delay=4.2376  entropy=1.9194  top_p=0.2609  clock=137.2
ply=40  move=f4d6  delay=1.0633  entropy=1.6635  top_p=0.4306  clock=133.0
ply=42  move=a2a3  delay=1.5584  entropy=2.0958  top_p=0.2038  clock=131.9
ply=44  move=a5b4  delay=3.1341  entropy=1.7340  top_p=0.4849  clock=130.3
ply=46  move=b4d6  delay=2.7388  entropy=1.3642  top_p=0.6563  clock=127.2
ply=48  move=d6c6  delay=4.4206  entropy=2.1367  top_p=0.2468  clock=124.5
ply=50  move=h2h4  delay=5.5161  entropy=1.6825  top_p=0.4290  clock=120.1
ply=52  move=c6c8  delay=2.7037  entropy=2.2055  top_p=0.1816  clock=114.5
ply=54  move=c8c5  delay=1.1881  entropy=2.1780  top_p=0.2063  clock=111.8
ply=56  move=g3g4  delay=3.1019  entropy=1.9139  top_p=0.3922  clock=110.6
ply=58  move=c5g5  delay=2.8635  entropy=2.1682  top_p=0.2135  clock=107.5
ply=60  move=g5g4  delay=0.5946  entropy=0.8227  top_p=0.7928  clock=104.7
ply=62  move=g4d7  delay=1.0462  entropy=1.2577  top_p=0.3714  clock=104.1
ply=64  move=d7d4  delay=6.1288  entropy=1.1106  top_p=0.6806  clock=103.0
ply=66  move=h1f1  delay=3.8270  entropy=1.4695  top_p=0.3944  clock=96.9
ply=68  move=d4b4  delay=4.6185  entropy=1.0983  top_p=0.3429  clock=93.1
ply=1  move=d7d6  delay=0.3914  entropy=2.1855  top_p=0.1641  clock=180.0
ply=3  move=e7e6  delay=4.8490  entropy=2.2456  top_p=0.1741  clock=179.6
ply=5  move=g8e7  delay=0.1200  entropy=2.2107  top_p=0.1789  clock=174.8
ply=7  move=b8c6  delay=3.4075  entropy=2.2289  top_p=0.1438  clock=174.6
ply=9  move=d6d5  delay=2.2448  entropy=2.2363  top_p=0.1928  clock=171.2
ply=11  move=e6e5  delay=2.2344  entropy=2.0171  top_p=0.2838  clock=169.0
ply=13  move=c8d7  delay=3.4084  entropy=1.9788  top_p=0.2209  clock=166.8
ply=15  move=d7e6  delay=5.2279  entropy=1.4250  top_p=0.5102  clock=163.3
ply=17  move=f7f6  delay=11.0663  entropy=1.4898  top_p=0.3865  clock=158.1
ply=19  move=a7a6  delay=3.4318  entropy=1.9066  top_p=0.2327  clock=147.1
ply=21  move=h7h5  delay=1.1581  entropy=1.9545  top_p=0.1814  clock=143.6
ply=23  move=e6f5  delay=4.0668  entropy=1.8268  top_p=0.2796  clock=142.5
ply=25  move=d8c8  delay=4.2680  entropy=2.0645  top_p=0.2547  clock=138.4
ply=27  move=a6a5  delay=1.5232  entropy=2.0383  top_p=0.3435  clock=134.1
ply=29  move=a5a4  delay=1.0045  entropy=2.0465  top_p=0.3185  clock=132.6
ply=31  move=a4a3  delay=0.3858  entropy=1.4908  top_p=0.5450  clock=131.6
ply=33  move=c8d7  delay=2.5027  entropy=0.0000  top_p=1.0000  clock=131.2
ply=35  move=e8d8  delay=0.1376  entropy=0.0000  top_p=1.0000  clock=128.7
ply=37  move=d8e8  delay=0.2503  entropy=0.6906  top_p=0.5357  clock=128.6
ply=39  move=f5e6  delay=6.7257  entropy=1.0986  top_p=0.3333  clock=128.3
