ply=0  move=g1f3  delay=0.2118  entropy=2.2781  top_p=0.1522  clock=180.0
ply=2  move=a2a4  delay=0.1200  entropy=2.2685  top_p=0.1428  clock=179.8
ply=4  move=e2e3  delay=0.2818  entropy=2.2952  top_p=0.1245  clock=179.7
ply=6  move=h2h3  delay=1.2092  entropy=2.2640  top_p=0.1301  clock=179.4
ply=8  move=a4a5  delay=1.0584  entropy=2.2806  top_p=0.1385  clock=178.2
ply=10  move=b1c3  delay=0.9917  entropy=2.1750  top_p=0.2071  clock=177.1
ply=12  move=c3e2  delay=2.4370  entropy=2.2156  top_p=0.1567  clock=176.1
ply=14  move=f3h2  delay=2.9932  entropy=2.1018  top_p=0.2227  clock=173.7
ply=16  move=b2b3  delay=0.5270  entropy=1.9150  top_p=0.3307  clock=170.7
ply=18  move=h2g4  delay=3.6245  entropy=1.7324  top_p=0.4715  clock=170.2
ply=20  move=h3g4  delay=0.1200  entropy=0.0002  top_p=1.0000  clock=166.5
ply=22  move=f2f3  delay=0.3723  entropy=1.0657  top_p=0.7553  clock=166.4
ply=24  move=d2d4  delay=2.1388  entropy=2.1729  top_p=0.1917  clock=166.1
ply=26  move=c1b2  delay=1.8408  entropy=2.1258  top_p=0.2919  clock=163.9
ply=28  move=g2g3  delay=10.6532  entropy=2.1322  top_p=0.2662  clock=162.1
ply=30  move=e1f2  delay=13.9881  entropy=1.8822  top_p=0.3105  clock=151.4
ply=32  move=e2c1  delay=6.1531  entropy=2.0274  top_p=0.3330  clock=137.4
ply=34  move=f3f4  delay=0.1200  entropy=0.2487  top_p=0.9600  clock=131.3
ply=36  move=h1h2  delay=9.0861  entropy=1.1408  top_p=0.4261  clock=131.2
ply=38  move=f2g1  delay=0.8744  entropy=1.3409  top_p=0.5600  clock=122.1
ply=40  move=c2c4  delay=3.4740  entropy=1.9457  top_p=0.2991  clock=121.2
ply=42  move=b3c4  delay=0.1200  entropy=0.9182  top_p=0.5615  clock=117.7
ply=44  move=d4d5  delay=2.6552  entropy=1.5282  top_p=0.4854  clock=117.6
ply=46  move=d1d2  delay=0.2334  entropy=0.9756  top_p=0.5921  clock=114.9
ply=48  move=c4b5  delay=0.5994  entropy=0.2930  top_p=0.9379  clock=114.7
ply=50  move=f1b5  delay=0.5451  entropy=0.6194  top_p=0.8444  clock=114.1
ply=52  move=h2f2  delay=5.3189  entropy=1.3216  top_p=0.5717  clock=113.6
ply=54  move=d2c3  delay=0.9950  entropy=0.0438  top_p=0.9943  clock=108.3
ply=56  move=b5d7  delay=0.6180  entropy=0.0001  top_p=1.0000  clock=107.3
ply=58  move=c1d3  delay=1.0351  entropy=0.1574  top_p=0.9762  clock=106.6
ply=60  move=d3e5  delay=0.7442  entropy=0.0948  top_p=0.9844  clock=105.6
ply=62  move=g1f2  delay=0.5282  entropy=0.0000  top_p=1.0000  clock=104.9
ply=64  move=b2a3  delay=2.1421  entropy=1.6872  top_p=0.3723  clock=104.3
ply=66  move=a1b1  delay=5.0660  entropy=1.4327  top_p=0.5934  clock=102.2
ply=68  move=b1b7  delay=1.0189  entropy=0.2252  top_p=0.9645  clock=97.1
ply=1  move=e7e6  delay=2.3953  entropy=2.2234  top_p=0.1890  clock=180.0
ply=3  move=g8e7  delay=0.9578  entropy=2.2500  top_p=0.1423  clock=177.6
ply=5  move=e7g6  delay=4.2350  entropy=2.2253  top_p=0.1915  clock=176.6
ply=7  move=f8d6  delay=0.4229  entropy=2.0855  top_p=0.2354  clock=172.4
ply=9  move=d6f4  delay=1.8395  entropy=2.1662  top_p=0.1795  clock=172.0
ply=11  move=f7f6  delay=2.9111  entropy=2.1534  top_p=0.1759  clock=170.1
ply=13  move=a7a6  delay=3.1772  entropy=2.1839  top_p=0.1965  clock=167.2
ply=15  move=a6a5  delay=7.9834  entropy=1.9640  top_p=0.3349  clock=164.1
ply=17  move=e8g8  delay=4.9169  entropy=1.7816  top_p=0.2726  clock=156.1
ply=19  move=d7d6  delay=2.1242  entropy=1.6023  top_p=0.3052  clock=151.2
ply=21  move=b7b6  delay=2.1457  entropy=2.1026  top_p=0.1929  clock=149.0
ply=23  move=d8e8  delay=2.6731  entropy=2.2347  top_p=0.1457  clock=146.9
ply=25  move=b8a6  delay=2.5072  entropy=2.0013  top_p=0.2246  clock=144.2
ply=27  move=h7h6  delay=1.6653  entropy=1.4553  top_p=0.5276  clock=141.7
ply=29  move=c8e6  delay=2.3872  entropy=1.8012  top_p=0.3318  clock=140.0
ply=31  move=a6c5  delay=1.3843  entropy=1.6085  top_p=0.4285  clock=137.7
ply=33  move=c7c6  delay=0.8277  entropy=1.3533  top_p=0.6420  clock=136.3
ply=35  move=a5a4  delay=2.8422  entropy=1.9335  top_p=0.3005  clock=135.4
ply=37  move=a8a5  delay=1.5249  entropy=1.7130  top_p=0.4316  clock=132.6
ply=39  move=c6c5  delay=2.3032  entropy=1.8581  top_p=0.2600  clock=131.1
ply=41  move=e6c8  delay=21.1505  entropy=1.6542  top_p=0.5070  clock=128.8
ply=43  move=c8b7  delay=2.4733  entropy=1.5729  top_p=0.5375  clock=107.6
ply=45  move=d6e5  delay=1.0000  entropy=1.7555  top_p=0.3901  clock=105.2
ply=47  move=e8e6  delay=0.2031  entropy=0.0007  top_p=0.9999  clock=104.2
ply=49  move=f8f7  delay=1.9001  entropy=0.6927  top_p=0.5143  clock=103.9
ply=51  move=g8h8  delay=1.9677  entropy=1.0982  top_p=0.3462  clock=102.0
ply=53  move=h8h7  delay=1.4168  entropy=-0.0000  top_p=1.0000  clock=100.1
ply=55  move=h6h5  delay=3.0779  entropy=2.3037  top_p=0.1000  clock=98.7
ply=57  move=h7h8  delay=1.4626  entropy=-0.0000  top_p=1.0000  clock=95.6
ply=59  move=h8h7  delay=0.7281  entropy=-0.0000  top_p=1.0000  clock=94.1
